   Compiling ranting_derive v0.2.1 (/home/roel/dnld/sdc4/dev/git/ranting/ranting_derive)
error: expected type, found `}`
  --> src/language/english_shared.rs:53:1
   |
48 | pub struct ject {
   |            ---- while parsing this struct
...
53 | }
   | ^ expected type

error: expected `;`, found `#`
   --> src/language/english_shared.rs:128:409
    |
128 | pub(crate) static PREPOSITION = "a[ts]|for|to(?:wards)?|from|in(?:to|side)?|off?|on(?:to)?|by|abo(?:ut|ve|ard)|across|after|against|along(?:side)?|amid|among|around|atop|bar|be(?:fore|low|hind|neath|side|tween|yond)|despite|down|during|(?:un)?like|near|opposite|outside|over|past|pending|per|prior|pro|re|regarding|round|since|than|through(?:out)?|till|under(?:neath)?|until|unto|up|upon|via|with(?:in|out)?"
    |                                                                                                                                                                                                                                                                                                                                                                                                                         ^ help: add `;` here
...
132 | #[allow(dead_code)]
    | - unexpected token

error[E0106]: missing lifetime specifier
  --> src/language/english_shared.rs:33:9
   |
33 |     Pos(&str, bool), // possesive, '(s) or not.
   |         ^ expected named lifetime parameter
   |
help: consider introducing a named lifetime parameter
   |
30 ~ pub enum ArtDemOrPos<'a> {
31 |     Art(Article, bool), // article, visible or not.
32 |     Dem(DemonstrativePronoun),
33 ~     Pos(&'a str, bool), // possesive, '(s) or not.
   |

error[E0106]: missing lifetime specifier
  --> src/language/english_shared.rs:39:14
   |
39 |     WordedNr(&str),
   |              ^ expected named lifetime parameter
   |
help: consider introducing a named lifetime parameter
   |
36 ~ pub enum NrOrCase<'a> {
37 |     Singular,
38 |     Plural,
39 ~     WordedNr(&'a str),
   |

error[E0106]: missing lifetime specifier
  --> src/language/english_shared.rs:40:8
   |
40 |     Nr(&str, bool), // Numeric, visible or not
   |        ^ expected named lifetime parameter
   |
help: consider introducing a named lifetime parameter
   |
36 ~ pub enum NrOrCase<'a> {
37 |     Singular,
38 |     Plural,
39 |     WordedNr(&str),
40 ~     Nr(&'a str, bool), // Numeric, visible or not
   |

error[E0106]: missing lifetime specifier
  --> src/language/english_shared.rs:44:19
   |
44 |     AndJoined(Vec<&str>), // containing len 0: no adject. If 1 , not and joined. Otherwise comma and then and joined.
   |                   ^ expected named lifetime parameter
   |
help: consider introducing a named lifetime parameter
   |
43 ~ pub enum Adjects<'a> {
44 ~     AndJoined(Vec<&'a str>), // containing len 0: no adject. If 1 , not and joined. Otherwise comma and then and joined.
   |

error[E0106]: missing lifetime specifier
  --> src/language/english_shared.rs:45:18
   |
45 |     OrJoined(Vec<&str>),
   |                  ^ expected named lifetime parameter
   |
help: consider introducing a named lifetime parameter
   |
43 ~ pub enum Adjects<'a> {
44 |     AndJoined(Vec<&str>), // containing len 0: no adject. If 1 , not and joined. Otherwise comma and then and joined.
45 ~     OrJoined(Vec<&'a str>),
   |

error[E0554]: `#![feature]` may not be used on the stable release channel
 --> src/lib.rs:2:1
  |
2 | #![feature(iter_intersperse)]
  | ^^^^^^^^^^^^^^^^^^^^^^^^^^^^^

warning: type `ject` should have an upper camel case name
  --> src/language/english_shared.rs:48:12
   |
48 | pub struct ject {
   |            ^^^^ help: convert the identifier to upper camel case: `Ject`
   |
   = note: `#[warn(non_camel_case_types)]` on by default

error: missing type for `static` item
   --> src/language/english_shared.rs:124:37
    |
124 | pub(crate) static INDEFINITE_PRONOUN = "(?:no|any|some|every)(?:body|thing)|(?:no |any|some|every)one";
    |                                     ^ help: provide a type for the static variable: `: &str`

error: missing type for `static` item
   --> src/language/english_shared.rs:126:40
    |
126 | pub(crate) static DEMONSTRATIVE_PRONOUN = "th[eo]se|such|no|none|neither";
    |                                        ^ help: provide a type for the static variable: `: &str`

error: missing type for `static` item
   --> src/language/english_shared.rs:128:30
    |
128 | pub(crate) static PREPOSITION = "a[ts]|for|to(?:wards)?|from|in(?:to|side)?|off?|on(?:to)?|by|abo(?:ut|ve|ard)|across|after|against|along...
    |                              ^ help: provide a type for the static variable: `: &str`

warning: unreachable pattern
  --> src/language/english_shared.rs:16:25
   |
14 |     #[strum(serialize = "a", serialize = "an", serialize = "some")]
   |                                                            ------ matches all the relevant values
15 |     A,
16 |     #[strum(serialize = "some")]
   |                         ^^^^^^ no value can reach this
   |
   = note: `#[warn(unreachable_patterns)]` on by default

warning: unused variable: `caps`
   --> src/lib.rs:113:33
    |
113 |             .replace_all(text, |caps: &Captures| String::new())
    |                                 ^^^^ help: if this is intentional, prefix it with an underscore: `_caps`
    |
    = note: `#[warn(unused_variables)]` on by default

warning: variable does not need to be mutable
   --> src/lib.rs:111:13
    |
111 |         let mut err: Option<(usize, usize, String)> = None;
    |             ----^^^
    |             |
    |             help: remove this `mut`
    |
    = note: `#[warn(unused_mut)]` on by default

Some errors have detailed explanations: E0106, E0554.
For more information about an error, try `rustc --explain E0106`.
warning: `ranting_derive` (lib) generated 4 warnings
error: could not compile `ranting_derive` (lib) due to 11 previous errors; 4 warnings emitted
